2026-07-21 04:51:12 startup archives unpack
2026-07-21 04:51:13 install libncursesw6:arm64 <none> 6.4-4
2026-07-21 04:51:13 status triggers-pending libc-bin:arm64 2.36-9+deb12u14
2026-07-21 04:51:13 status half-installed libncursesw6:arm64 6.4-4
2026-07-21 04:51:13 status unpacked libncursesw6:arm64 6.4-4
2026-07-21 04:51:13 install nano:arm64 <none> 7.2-1+deb12u1
2026-07-21 04:51:13 status half-installed nano:arm64 7.2-1+deb12u1
2026-07-21 04:51:15 status unpacked nano:arm64 7.2-1+deb12u1
2026-07-21 04:51:15 install libssl3:arm64 <none> 3.0.20-1~deb12u2
2026-07-21 04:51:15 status half-installed libssl3:arm64 3.0.20-1~deb12u2
2026-07-21 04:51:16 status unpacked libssl3:arm64 3.0.20-1~deb12u2
2026-07-21 04:51:16 install openssl:arm64 <none> 3.0.20-1~deb12u2
2026-07-21 04:51:16 status half-installed openssl:arm64 3.0.20-1~deb12u2
2026-07-21 04:51:18 status unpacked openssl:arm64 3.0.20-1~deb12u2
2026-07-21 04:51:18 install ca-certificates:all <none> 20230311+deb12u1
2026-07-21 04:51:18 status half-installed ca-certificates:all 20230311+deb12u1
2026-07-21 04:51:20 status unpacked ca-certificates:all 20230311+deb12u1
2026-07-21 04:51:21 install krb5-locales:all <none> 1.20.1-2+deb12u5
2026-07-21 04:51:21 status half-installed krb5-locales:all 1.20.1-2+deb12u5
2026-07-21 04:51:21 status unpacked krb5-locales:all 1.20.1-2+deb12u5
2026-07-21 04:51:21 install libpsl5:arm64 <none> 0.21.2-1
2026-07-21 04:51:21 status half-installed libpsl5:arm64 0.21.2-1
2026-07-21 04:51:21 status unpacked libpsl5:arm64 0.21.2-1
2026-07-21 04:51:22 install wget:arm64 <none> 1.21.3-1+deb12u1
2026-07-21 04:51:22 status half-installed wget:arm64 1.21.3-1+deb12u1
2026-07-21 04:51:23 status unpacked wget:arm64 1.21.3-1+deb12u1
2026-07-21 04:51:23 install libbrotli1:arm64 <none> 1.0.9-2+b6
2026-07-21 04:51:23 status half-installed libbrotli1:arm64 1.0.9-2+b6
2026-07-21 04:51:24 status unpacked libbrotli1:arm64 1.0.9-2+b6
2026-07-21 04:51:24 install libkrb5support0:arm64 <none> 1.20.1-2+deb12u5
2026-07-21 04:51:24 status half-installed libkrb5support0:arm64 1.20.1-2+deb12u5
2026-07-21 04:51:24 status unpacked libkrb5support0:arm64 1.20.1-2+deb12u5
2026-07-21 04:51:24 install libk5crypto3:arm64 <none> 1.20.1-2+deb12u5
2026-07-21 04:51:24 status half-installed libk5crypto3:arm64 1.20.1-2+deb12u5
2026-07-21 04:51:25 status unpacked libk5crypto3:arm64 1.20.1-2+deb12u5
2026-07-21 04:51:25 install libkeyutils1:arm64 <none> 1.6.3-2
2026-07-21 04:51:25 status half-installed libkeyutils1:arm64 1.6.3-2
2026-07-21 04:51:25 status unpacked libkeyutils1:arm64 1.6.3-2
2026-07-21 04:51:26 install libkrb5-3:arm64 <none> 1.20.1-2+deb12u5
2026-07-21 04:51:26 status half-installed libkrb5-3:arm64 1.20.1-2+deb12u5
2026-07-21 04:51:26 status unpacked libkrb5-3:arm64 1.20.1-2+deb12u5
2026-07-21 04:51:26 install libgssapi-krb5-2:arm64 <none> 1.20.1-2+deb12u5
2026-07-21 04:51:26 status half-installed libgssapi-krb5-2:arm64 1.20.1-2+deb12u5
2026-07-21 04:51:27 status unpacked libgssapi-krb5-2:arm64 1.20.1-2+deb12u5
2026-07-21 04:51:27 install libsasl2-modules-db:arm64 <none> 2.1.28+dfsg-10
2026-07-21 04:51:27 status half-installed libsasl2-modules-db:arm64 2.1.28+dfsg-10
2026-07-21 04:51:27 status unpacked libsasl2-modules-db:arm64 2.1.28+dfsg-10
2026-07-21 04:51:27 install libsasl2-2:arm64 <none> 2.1.28+dfsg-10
2026-07-21 04:51:27 status half-installed libsasl2-2:arm64 2.1.28+dfsg-10
2026-07-21 04:51:27 status unpacked libsasl2-2:arm64 2.1.28+dfsg-10
2026-07-21 04:51:27 install libldap-2.5-0:arm64 <none> 2.5.13+dfsg-5
2026-07-21 04:51:27 status half-installed libldap-2.5-0:arm64 2.5.13+dfsg-5
2026-07-21 04:51:28 status unpacked libldap-2.5-0:arm64 2.5.13+dfsg-5
2026-07-21 04:51:28 install libnghttp2-14:arm64 <none> 1.52.0-1+deb12u3
2026-07-21 04:51:28 status half-installed libnghttp2-14:arm64 1.52.0-1+deb12u3
2026-07-21 04:51:28 status unpacked libnghttp2-14:arm64 1.52.0-1+deb12u3
2026-07-21 04:51:28 install librtmp1:arm64 <none> 2.4+20151223.gitfa8646d.1-2+b2
2026-07-21 04:51:28 status half-installed librtmp1:arm64 2.4+20151223.gitfa8646d.1-2+b2
2026-07-21 04:51:28 status unpacked librtmp1:arm64 2.4+20151223.gitfa8646d.1-2+b2
2026-07-21 04:51:28 install libssh2-1:arm64 <none> 1.10.0-3+b1
2026-07-21 04:51:28 status half-installed libssh2-1:arm64 1.10.0-3+b1
2026-07-21 04:51:29 status unpacked libssh2-1:arm64 1.10.0-3+b1
2026-07-21 04:51:29 install libcurl4:arm64 <none> 7.88.1-10+deb12u15
2026-07-21 04:51:29 status half-installed libcurl4:arm64 7.88.1-10+deb12u15
2026-07-21 04:51:29 status unpacked libcurl4:arm64 7.88.1-10+deb12u15
2026-07-21 04:51:29 install curl:arm64 <none> 7.88.1-10+deb12u15
2026-07-21 04:51:29 status half-installed curl:arm64 7.88.1-10+deb12u15
2026-07-21 04:51:29 status unpacked curl:arm64 7.88.1-10+deb12u15
2026-07-21 04:51:29 install libgpm2:arm64 <none> 1.20.7-10+b1
2026-07-21 04:51:29 status half-installed libgpm2:arm64 1.20.7-10+b1
2026-07-21 04:51:30 status unpacked libgpm2:arm64 1.20.7-10+b1
2026-07-21 04:51:30 install libldap-common:all <none> 2.5.13+dfsg-5
2026-07-21 04:51:30 status half-installed libldap-common:all 2.5.13+dfsg-5
2026-07-21 04:51:30 status unpacked libldap-common:all 2.5.13+dfsg-5
2026-07-21 04:51:30 install libsasl2-modules:arm64 <none> 2.1.28+dfsg-10
2026-07-21 04:51:30 status half-installed libsasl2-modules:arm64 2.1.28+dfsg-10
2026-07-21 04:51:30 status unpacked libsasl2-modules:arm64 2.1.28+dfsg-10
2026-07-21 04:51:31 install publicsuffix:all <none> 20230209.2326-1
2026-07-21 04:51:31 status half-installed publicsuffix:all 20230209.2326-1
2026-07-21 04:51:31 status unpacked publicsuffix:all 20230209.2326-1
2026-07-21 04:51:31 startup packages configure
2026-07-21 04:51:31 configure libkeyutils1:arm64 1.6.3-2 <none>
2026-07-21 04:51:31 status unpacked libkeyutils1:arm64 1.6.3-2
2026-07-21 04:51:31 status half-configured libkeyutils1:arm64 1.6.3-2
2026-07-21 04:51:31 status installed libkeyutils1:arm64 1.6.3-2
2026-07-21 04:51:31 configure libpsl5:arm64 0.21.2-1 <none>
2026-07-21 04:51:31 status unpacked libpsl5:arm64 0.21.2-1
2026-07-21 04:51:31 status half-configured libpsl5:arm64 0.21.2-1
2026-07-21 04:51:31 status installed libpsl5:arm64 0.21.2-1
2026-07-21 04:51:31 configure libgpm2:arm64 1.20.7-10+b1 <none>
2026-07-21 04:51:31 status unpacked libgpm2:arm64 1.20.7-10+b1
2026-07-21 04:51:31 status half-configured libgpm2:arm64 1.20.7-10+b1
2026-07-21 04:51:31 status installed libgpm2:arm64 1.20.7-10+b1
2026-07-21 04:51:31 configure wget:arm64 1.21.3-1+deb12u1 <none>
2026-07-21 04:51:31 status unpacked wget:arm64 1.21.3-1+deb12u1
2026-07-21 04:51:31 status half-configured wget:arm64 1.21.3-1+deb12u1
2026-07-21 04:51:31 status installed wget:arm64 1.21.3-1+deb12u1
2026-07-21 04:51:31 configure libbrotli1:arm64 1.0.9-2+b6 <none>
2026-07-21 04:51:31 status unpacked libbrotli1:arm64 1.0.9-2+b6
2026-07-21 04:51:31 status half-configured libbrotli1:arm64 1.0.9-2+b6
2026-07-21 04:51:31 status installed libbrotli1:arm64 1.0.9-2+b6
2026-07-21 04:51:31 configure libssl3:arm64 3.0.20-1~deb12u2 <none>
2026-07-21 04:51:31 status unpacked libssl3:arm64 3.0.20-1~deb12u2
2026-07-21 04:51:31 status half-configured libssl3:arm64 3.0.20-1~deb12u2
2026-07-21 04:51:31 status installed libssl3:arm64 3.0.20-1~deb12u2
2026-07-21 04:51:31 configure libnghttp2-14:arm64 1.52.0-1+deb12u3 <none>
2026-07-21 04:51:31 status unpacked libnghttp2-14:arm64 1.52.0-1+deb12u3
2026-07-21 04:51:31 status half-configured libnghttp2-14:arm64 1.52.0-1+deb12u3
2026-07-21 04:51:31 status installed libnghttp2-14:arm64 1.52.0-1+deb12u3
2026-07-21 04:51:31 configure krb5-locales:all 1.20.1-2+deb12u5 <none>
2026-07-21 04:51:31 status unpacked krb5-locales:all 1.20.1-2+deb12u5
2026-07-21 04:51:31 status half-configured krb5-locales:all 1.20.1-2+deb12u5
2026-07-21 04:51:31 status installed krb5-locales:all 1.20.1-2+deb12u5
2026-07-21 04:51:31 configure libldap-common:all 2.5.13+dfsg-5 <none>
2026-07-21 04:51:31 status unpacked libldap-common:all 2.5.13+dfsg-5
2026-07-21 04:51:31 status half-configured libldap-common:all 2.5.13+dfsg-5
2026-07-21 04:51:31 status installed libldap-common:all 2.5.13+dfsg-5
2026-07-21 04:51:31 configure libkrb5support0:arm64 1.20.1-2+deb12u5 <none>
2026-07-21 04:51:31 status unpacked libkrb5support0:arm64 1.20.1-2+deb12u5
2026-07-21 04:51:31 status half-configured libkrb5support0:arm64 1.20.1-2+deb12u5
2026-07-21 04:51:31 status installed libkrb5support0:arm64 1.20.1-2+deb12u5
2026-07-21 04:51:31 configure libsasl2-modules-db:arm64 2.1.28+dfsg-10 <none>
2026-07-21 04:51:31 status unpacked libsasl2-modules-db:arm64 2.1.28+dfsg-10
2026-07-21 04:51:31 status half-configured libsasl2-modules-db:arm64 2.1.28+dfsg-10
2026-07-21 04:51:32 status installed libsasl2-modules-db:arm64 2.1.28+dfsg-10
2026-07-21 04:51:32 configure librtmp1:arm64 2.4+20151223.gitfa8646d.1-2+b2 <none>
2026-07-21 04:51:32 status unpacked librtmp1:arm64 2.4+20151223.gitfa8646d.1-2+b2
2026-07-21 04:51:32 status half-configured librtmp1:arm64 2.4+20151223.gitfa8646d.1-2+b2
2026-07-21 04:51:32 status installed librtmp1:arm64 2.4+20151223.gitfa8646d.1-2+b2
2026-07-21 04:51:32 configure libncursesw6:arm64 6.4-4 <none>
2026-07-21 04:51:32 status unpacked libncursesw6:arm64 6.4-4
2026-07-21 04:51:32 status half-configured libncursesw6:arm64 6.4-4
2026-07-21 04:51:32 status installed libncursesw6:arm64 6.4-4
2026-07-21 04:51:32 configure libk5crypto3:arm64 1.20.1-2+deb12u5 <none>
2026-07-21 04:51:32 status unpacked libk5crypto3:arm64 1.20.1-2+deb12u5
2026-07-21 04:51:32 status half-configured libk5crypto3:arm64 1.20.1-2+deb12u5
2026-07-21 04:51:32 status installed libk5crypto3:arm64 1.20.1-2+deb12u5
2026-07-21 04:51:32 configure libsasl2-2:arm64 2.1.28+dfsg-10 <none>
2026-07-21 04:51:32 status unpacked libsasl2-2:arm64 2.1.28+dfsg-10
2026-07-21 04:51:32 status half-configured libsasl2-2:arm64 2.1.28+dfsg-10
2026-07-21 04:51:32 status installed libsasl2-2:arm64 2.1.28+dfsg-10
2026-07-21 04:51:32 configure nano:arm64 7.2-1+deb12u1 <none>
2026-07-21 04:51:32 status unpacked nano:arm64 7.2-1+deb12u1
2026-07-21 04:51:32 status half-configured nano:arm64 7.2-1+deb12u1
2026-07-21 04:51:32 status installed nano:arm64 7.2-1+deb12u1
2026-07-21 04:51:32 configure libssh2-1:arm64 1.10.0-3+b1 <none>
2026-07-21 04:51:32 status unpacked libssh2-1:arm64 1.10.0-3+b1
2026-07-21 04:51:32 status half-configured libssh2-1:arm64 1.10.0-3+b1
2026-07-21 04:51:32 status installed libssh2-1:arm64 1.10.0-3+b1
2026-07-21 04:51:32 configure libkrb5-3:arm64 1.20.1-2+deb12u5 <none>
2026-07-21 04:51:32 status unpacked libkrb5-3:arm64 1.20.1-2+deb12u5
2026-07-21 04:51:32 status half-configured libkrb5-3:arm64 1.20.1-2+deb12u5
2026-07-21 04:51:32 status installed libkrb5-3:arm64 1.20.1-2+deb12u5
2026-07-21 04:51:32 configure openssl:arm64 3.0.20-1~deb12u2 <none>
2026-07-21 04:51:32 status unpacked openssl:arm64 3.0.20-1~deb12u2
2026-07-21 04:51:32 status half-configured openssl:arm64 3.0.20-1~deb12u2
2026-07-21 04:51:32 status installed openssl:arm64 3.0.20-1~deb12u2
2026-07-21 04:51:32 configure publicsuffix:all 20230209.2326-1 <none>
2026-07-21 04:51:32 status unpacked publicsuffix:all 20230209.2326-1
2026-07-21 04:51:32 status half-configured publicsuffix:all 20230209.2326-1
2026-07-21 04:51:32 status installed publicsuffix:all 20230209.2326-1
2026-07-21 04:51:32 configure libsasl2-modules:arm64 2.1.28+dfsg-10 <none>
2026-07-21 04:51:32 status unpacked libsasl2-modules:arm64 2.1.28+dfsg-10
2026-07-21 04:51:32 status half-configured libsasl2-modules:arm64 2.1.28+dfsg-10
2026-07-21 04:51:32 status installed libsasl2-modules:arm64 2.1.28+dfsg-10
2026-07-21 04:51:32 configure libldap-2.5-0:arm64 2.5.13+dfsg-5 <none>
2026-07-21 04:51:32 status unpacked libldap-2.5-0:arm64 2.5.13+dfsg-5
2026-07-21 04:51:32 status half-configured libldap-2.5-0:arm64 2.5.13+dfsg-5
2026-07-21 04:51:32 status installed libldap-2.5-0:arm64 2.5.13+dfsg-5
2026-07-21 04:51:32 configure ca-certificates:all 20230311+deb12u1 <none>
2026-07-21 04:51:32 status unpacked ca-certificates:all 20230311+deb12u1
2026-07-21 04:51:32 status half-configured ca-certificates:all 20230311+deb12u1
2026-07-21 04:51:59 status installed ca-certificates:all 20230311+deb12u1
2026-07-21 04:51:59 status triggers-pending ca-certificates:all 20230311+deb12u1
2026-07-21 04:51:59 configure libgssapi-krb5-2:arm64 1.20.1-2+deb12u5 <none>
2026-07-21 04:51:59 status unpacked libgssapi-krb5-2:arm64 1.20.1-2+deb12u5
2026-07-21 04:51:59 status half-configured libgssapi-krb5-2:arm64 1.20.1-2+deb12u5
2026-07-21 04:51:59 status installed libgssapi-krb5-2:arm64 1.20.1-2+deb12u5
2026-07-21 04:51:59 configure libcurl4:arm64 7.88.1-10+deb12u15 <none>
2026-07-21 04:51:59 status unpacked libcurl4:arm64 7.88.1-10+deb12u15
2026-07-21 04:51:59 status half-configured libcurl4:arm64 7.88.1-10+deb12u15
2026-07-21 04:51:59 status installed libcurl4:arm64 7.88.1-10+deb12u15
2026-07-21 04:52:00 configure curl:arm64 7.88.1-10+deb12u15 <none>
2026-07-21 04:52:00 status unpacked curl:arm64 7.88.1-10+deb12u15
2026-07-21 04:52:00 status half-configured curl:arm64 7.88.1-10+deb12u15
2026-07-21 04:52:00 status installed curl:arm64 7.88.1-10+deb12u15
2026-07-21 04:52:00 trigproc libc-bin:arm64 2.36-9+deb12u14 <none>
2026-07-21 04:52:00 status half-configured libc-bin:arm64 2.36-9+deb12u14
2026-07-21 04:52:00 status installed libc-bin:arm64 2.36-9+deb12u14
2026-07-21 04:52:00 trigproc ca-certificates:all 20230311+deb12u1 <none>
2026-07-21 04:52:00 status half-configured ca-certificates:all 20230311+deb12u1
2026-07-21 04:52:15 status installed ca-certificates:all 20230311+deb12u1
